extensions/frmtmb.sample/tests/testthat/test-adefects.R
extensions/frmtmb.sample/tests/testthat/test-bracket-access.R
extensions/frmtmb.sample/tests/testthat/test-brms-output.R
extensions/frmtmb.sample/tests/testthat/test-brms-pins.R
extensions/frmtmb.sample/tests/testthat/test-brms-shapes-draws.R
extensions/frmtmb.sample/tests/testthat/test-brms-suite-brmsformula.R
extensions/frmtmb.sample/tests/testthat/test-brms-suite-brmsterms.R
extensions/frmtmb.sample/tests/testthat/test-brms-suite-families.R
extensions/frmtmb.sample/tests/testthat/test-brms-suite-helper-copy.R
extensions/frmtmb.sample/tests/testthat/test-brms-suite-methods.R
extensions/frmtmb.sample/tests/testthat/test-compat-preflight.R
extensions/frmtmb.sample/tests/testthat/test-conditional-effects-draws.R
extensions/frmtmb.sample/tests/testthat/test-conditions-census.R
extensions/frmtmb.sample/tests/testthat/test-conditions.R
extensions/frmtmb.sample/tests/testthat/test-default-priors-brms.R
extensions/frmtmb.sample/tests/testthat/test-draws-methods.R
extensions/frmtmb.sample/tests/testthat/test-draws-spellings.R
extensions/frmtmb.sample/tests/testthat/test-evidence-ratio.R
extensions/frmtmb.sample/tests/testthat/test-generic-collision.R
extensions/frmtmb.sample/tests/testthat/test-gr-by-draws.R
extensions/frmtmb.sample/tests/testthat/test-loo.R
extensions/frmtmb.sample/tests/testthat/test-message-uniqueness.R
extensions/frmtmb.sample/tests/testthat/test-parallel-chains.R
extensions/frmtmb.sample/tests/testthat/test-predfix-new-levels.R
extensions/frmtmb.sample/tests/testthat/test-prior-route.R
extensions/frmtmb.sample/tests/testthat/test-prior-update.R
extensions/frmtmb.sample/tests/testthat/test-re-formula-draws.R
extensions/frmtmb.sample/tests/testthat/test-reparam.R
extensions/frmtmb.sample/tests/testthat/test-sample-direct.R
extensions/frmtmb.sample/tests/testthat/test-sampling-ported.R
extensions/frmtmb.sample/tests/testthat/test-scale.R
extensions/frmtmb.sample/tests/testthat/test-simulators.R
extensions/frmtmb.sample/tests/testthat/test-sratio-draws.R
extensions/frmtmb.sample/tests/testthat/test-stan-control.R
extensions/frmtmb.sample/tests/testthat/test-thres-draws.R
extensions/frmtmb.sample/tests/testthat/test-tmbstan-build-guard.R
extensions/frmtmb.spline/tests/testthat/test-bracket-access.R
extensions/frmtmb.spline/tests/testthat/test-conditions-census.R
extensions/frmtmb.spline/tests/testthat/test-conditions.R
extensions/frmtmb.spline/tests/testthat/test-curve.R
extensions/frmtmb.spline/tests/testthat/test-deriv.R
extensions/frmtmb.spline/tests/testthat/test-difference.R
extensions/frmtmb.spline/tests/testthat/test-frailty.R
extensions/frmtmb.spline/tests/testthat/test-gratia.R
extensions/frmtmb.spline/tests/testthat/test-message-uniqueness.R
extensions/frmtmb.spline/tests/testthat/test-royston-parmar.R
extensions/frmtmb.spline/tests/testthat/test-rp-floored.R
extensions/frmtmb.spline/tests/testthat/test-scale.R
extensions/frmtmb.spline/tests/testthat/test-span.R
extensions/frmtmb.spline/tests/testthat/test-surface.R
