extensions/frmtmb.sample/tests/testthat/test-brms-shapes-draws.R
extensions/frmtmb.sample/tests/testthat/test-brms-suite-methods.R
extensions/frmtmb.sample/tests/testthat/test-conditional-effects-draws.R
extensions/frmtmb.sample/tests/testthat/test-draws-methods.R
extensions/frmtmb.sample/tests/testthat/test-draws-spellings.R
extensions/frmtmb.sample/tests/testthat/test-gr-by-draws.R
extensions/frmtmb.sample/tests/testthat/test-re-formula-draws.R
extensions/frmtmb.sample/tests/testthat/test-sratio-draws.R
extensions/frmtmb.sample/tests/testthat/test-thres-draws.R
extensions/frmtmb.spline/tests/testthat/test-curve.R
tests/testthat/test-adefects.R
tests/testthat/test-aliased-grouping.R
tests/testthat/test-api-spellings.R
tests/testthat/test-arg-refusal.R
tests/testthat/test-autocor-cond.R
tests/testthat/test-autocor.R
tests/testthat/test-autoscale.R
tests/testthat/test-backlog.R
tests/testthat/test-bcm-binomial.R
tests/testthat/test-boot.R
tests/testthat/test-bracket-access.R
tests/testthat/test-brms-agreement.R
tests/testthat/test-brms-formula-priors.R
tests/testthat/test-brms-likelihood.R
tests/testthat/test-brms-methods.R
tests/testthat/test-brms-names.R
tests/testthat/test-brms-port.R
tests/testthat/test-brms-shapes-punch.R
tests/testthat/test-brms-shapes.R
tests/testthat/test-brms-suite-brm.R
tests/testthat/test-brms-suite-emmeans.R
tests/testthat/test-brms-suite-methods.R
tests/testthat/test-brms-suite-priors.R
tests/testthat/test-car-spde.R
tests/testthat/test-case-studies.R
tests/testthat/test-ce-bands.R
tests/testthat/test-ce-facets.R
tests/testthat/test-compat-register.R
tests/testthat/test-compat.R
tests/testthat/test-conditions.R
tests/testthat/test-custom-family.R
tests/testthat/test-data2.R
tests/testthat/test-diagnostics-ux.R
tests/testthat/test-drmtmb-agreement.R
tests/testthat/test-dry-run.R
tests/testthat/test-edgecases.R
tests/testthat/test-effects.R
tests/testthat/test-emmeans.R
tests/testthat/test-famgaps.R
tests/testthat/test-families.R
tests/testthat/test-functional.R
tests/testthat/test-fuzz.R
tests/testthat/test-generic-collision.R
tests/testthat/test-get-prior-route.R
tests/testthat/test-gp-multidim.R
tests/testthat/test-gr-by.R
tests/testthat/test-hurdle-nb-zoib.R
tests/testthat/test-id-kron.R
tests/testthat/test-importance.R
tests/testthat/test-input-validation.R
tests/testthat/test-interop.R
tests/testthat/test-me.R
tests/testthat/test-message-uniqueness.R
tests/testthat/test-method-residue.R
tests/testthat/test-methods-audit.R
tests/testthat/test-mm.R
tests/testthat/test-multiple-pooling.R
tests/testthat/test-multivariate.R
tests/testthat/test-mv-gaps.R
tests/testthat/test-mvn-mixture.R
tests/testthat/test-naming-collisions.R
tests/testthat/test-nl-rtmb-scope.R
tests/testthat/test-nl.R
tests/testthat/test-nlf.R
tests/testthat/test-numerical-robustness.R
tests/testthat/test-open-issues.R
tests/testthat/test-ordinal-fitted.R
tests/testthat/test-par-template.R
tests/testthat/test-portability.R
tests/testthat/test-pp-check-types.R
tests/testthat/test-predfix.R
tests/testthat/test-predict-lp-basis.R
tests/testthat/test-predict-newdata.R
tests/testthat/test-predict-re-uncertainty.R
tests/testthat/test-prior-compat.R
tests/testthat/test-ps.R
tests/testthat/test-quadrature-defects.R
tests/testthat/test-re-formula-partial.R
tests/testthat/test-reml-shapes.R
tests/testthat/test-review-v25.R
tests/testthat/test-review-v29.R
tests/testthat/test-rl-example.R
tests/testthat/test-rsv-intercept.R
tests/testthat/test-sandwich.R
tests/testthat/test-scale-contract.R
tests/testthat/test-setprior.R
tests/testthat/test-simulate-density.R
tests/testthat/test-simulate-ergonomics.R
tests/testthat/test-simulate-newdata.R
tests/testthat/test-smooth-population.R
tests/testthat/test-smooths.R
tests/testthat/test-sparsex.R
tests/testthat/test-spectral.R
tests/testthat/test-sratio-thresholds.R
tests/testthat/test-structure.R
tests/testthat/test-sugar.R
tests/testthat/test-tabular-inputs.R
tests/testthat/test-thres.R
tests/testthat/test-tmb-examples.R
tests/testthat/test-tre.R
tests/testthat/test-trunc-postfit.R
tests/testthat/test-unpinned-seams.R
tests/testthat/test-v07.R
tests/testthat/test-v11.R
tests/testthat/test-v12.R
tests/testthat/test-v14.R
tests/testthat/test-v15.R
tests/testthat/test-v16.R
tests/testthat/test-v17.R
tests/testthat/test-v18.R
tests/testthat/test-v19.R
tests/testthat/test-verbose.R
tests/testthat/test-zi.R
